@repo/lomoweb test: 
@repo/lomoweb test:  RUN  v3.2.4 /var/home/qcat/Code/project-lomo/apps/lomoweb
@repo/lomoweb test: 
@repo/lomoweb test:  ✓ app/(home)/components/__tests__/home-nav.test.tsx (3 tests) 87ms
@repo/lomoweb test: 
@repo/lomoweb test:  Test Files  1 passed (1)
@repo/lomoweb test:       Tests  3 passed (3)
@repo/lomoweb test:    Start at  16:02:22
@repo/lomoweb test:    Duration  798ms (transform 50ms, setup 51ms, collect 104ms, tests 87ms, environment 296ms, prepare 100ms)
@repo/lomoweb test: 
@repo/lomoweb test: Exited with code 0
